// Jest Snapshot v1, https://goo.gl/fbAQLP

exports[`Table snapshots 1`] = `
<div
  className="table"
>
  <div
    className="table-header"
  >
    <span
      style={
        Object {
          "width": "40%",
        }
      }
    >
      <button
        className="button-inline"
        onClick={[Function]}
        type="button"
      >
        Title 
        <i
          className="fa fa-caret-down"
        />
      </button>
    </span>
    <span
      style={
        Object {
          "width": "30%",
        }
      }
    >
      <button
        className="button-inline"
        onClick={[Function]}
        type="button"
      >
        Author 
        <i
          className="fa fa-caret-down"
        />
      </button>
    </span>
    <span
      style={
        Object {
          "width": "10%",
        }
      }
    >
      <button
        className="button-inline"
        onClick={[Function]}
        type="button"
      >
        Comments 
        <i
          className="fa fa-caret-down"
        />
      </button>
    </span>
    <span
      style={
        Object {
          "width": "10%",
        }
      }
    >
      <button
        className="button-inline"
        onClick={[Function]}
        type="button"
      >
        Points 
        <i
          className="fa fa-caret-down"
        />
      </button>
    </span>
    <span
      style={
        Object {
          "width": "10%",
        }
      }
    >
      Archive
    </span>
  </div>
  <div
    className="table-row"
  >
    <span
      style={
        Object {
          "width": "40%",
        }
      }
    >
      <a
        href={undefined}
      >
        1
      </a>
    </span>
    <span
      style={
        Object {
          "width": "30%",
        }
      }
    >
      1
    </span>
    <span
      style={
        Object {
          "width": "10%",
        }
      }
    >
      1
    </span>
    <span
      style={
        Object {
          "width": "10%",
        }
      }
    >
      2
    </span>
    <span
      style={
        Object {
          "width": "10%",
        }
      }
    >
      <button
        className="button-inline"
        onClick={[Function]}
        type="button"
      >
        Dismiss
      </button>
    </span>
  </div>
  <div
    className="table-row"
  >
    <span
      style={
        Object {
          "width": "40%",
        }
      }
    >
      <a
        href={undefined}
      >
        2
      </a>
    </span>
    <span
      style={
        Object {
          "width": "30%",
        }
      }
    >
      2
    </span>
    <span
      style={
        Object {
          "width": "10%",
        }
      }
    >
      1
    </span>
    <span
      style={
        Object {
          "width": "10%",
        }
      }
    >
      2
    </span>
    <span
      style={
        Object {
          "width": "10%",
        }
      }
    >
      <button
        className="button-inline"
        onClick={[Function]}
        type="button"
      >
        Dismiss
      </button>
    </span>
  </div>
</div>
`;
